{
  "version": "1.5.0",
  "plugins_used": [
    {
      "name": "ArtifactoryDetector"
    },
    {
      "name": "AWSKeyDetector"
    },
    {
      "name": "AzureStorageKeyDetector"
    },
    {
      "name": "Base64HighEntropyString",
      "limit": 4.5
    },
    {
      "name": "BasicAuthDetector"
    },
    {
      "name": "CloudantDetector"
    },
    {
      "name": "DiscordBotTokenDetector"
    },
    {
      "name": "GitHubTokenDetector"
    },
    {
      "name": "GitLabTokenDetector"
    },
    {
      "name": "HexHighEntropyString",
      "limit": 3.0
    },
    {
      "name": "IbmCloudIamDetector"
    },
    {
      "name": "IbmCosHmacDetector"
    },
    {
      "name": "IPPublicDetector"
    },
    {
      "name": "JwtTokenDetector"
    },
    {
      "name": "KeywordDetector",
      "keyword_exclude": ""
    },
    {
      "name": "MailchimpDetector"
    },
    {
      "name": "NpmDetector"
    },
    {
      "name": "OpenAIDetector"
    },
    {
      "name": "PrivateKeyDetector"
    },
    {
      "name": "PypiTokenDetector"
    },
    {
      "name": "SendGridDetector"
    },
    {
      "name": "SlackDetector"
    },
    {
      "name": "SoftlayerDetector"
    },
    {
      "name": "SquareOAuthDetector"
    },
    {
      "name": "StripeDetector"
    },
    {
      "name": "TelegramBotTokenDetector"
    },
    {
      "name": "TwilioKeyDetector"
    }
  ],
  "filters_used": [
    {
      "path": "detect_secrets.filters.allowlist.is_line_allowlisted"
    },
    {
      "path": "detect_secrets.filters.common.is_ignored_due_to_verification_policies",
      "min_level": 2
    },
    {
      "path": "detect_secrets.filters.heuristic.is_indirect_reference"
    },
    {
      "path": "detect_secrets.filters.heuristic.is_likely_id_string"
    },
    {
      "path": "detect_secrets.filters.heuristic.is_lock_file"
    },
    {
      "path": "detect_secrets.filters.heuristic.is_not_alphanumeric_string"
    },
    {
      "path": "detect_secrets.filters.heuristic.is_potential_uuid"
    },
    {
      "path": "detect_secrets.filters.heuristic.is_prefixed_with_dollar_sign"
    },
    {
      "path": "detect_secrets.filters.heuristic.is_sequential_string"
    },
    {
      "path": "detect_secrets.filters.heuristic.is_swagger_file"
    },
    {
      "path": "detect_secrets.filters.heuristic.is_templated_secret"
    },
    {
      "path": "detect_secrets.filters.regex.should_exclude_file",
      "pattern": [
        "pyproject\\.toml|\\.github/workflows/config/\\.secrets\\.baseline"
      ]
    }
  ],
  "results": {
    ".github/workflows/cicd-main.yml": [
      {
        "type": "Hex High Entropy String",
        "filename": ".github/workflows/cicd-main.yml",
        "hashed_secret": "9b048088dfb38c9b23ea87ab0226e4b80c3fce4f",
        "is_verified": false,
        "line_number": 95
      }
    ],
    "docs/_extensions/ai_assistant/README.md": [
      {
        "type": "Secret Keyword",
        "filename": "docs/_extensions/ai_assistant/README.md",
        "hashed_secret": "aecdccc1cf64595b34e0cc152d238daabb32183a",
        "is_verified": false,
        "line_number": 76
      },
      {
        "type": "Secret Keyword",
        "filename": "docs/_extensions/ai_assistant/README.md",
        "hashed_secret": "6d9c68c603e465077bdd49c62347fe54717f83a3",
        "is_verified": false,
        "line_number": 146
      }
    ],
    "docs/_extensions/ai_assistant/core/AIClient.js": [
      {
        "type": "Base64 High Entropy String",
        "filename": "docs/_extensions/ai_assistant/core/AIClient.js",
        "hashed_secret": "54f034f9ba6c3f65758ffe3bb1264c5a836ce826",
        "is_verified": false,
        "line_number": 10
      }
    ],
    "docs/_extensions/ai_assistant/core/main.js": [
      {
        "type": "Base64 High Entropy String",
        "filename": "docs/_extensions/ai_assistant/core/main.js",
        "hashed_secret": "54f034f9ba6c3f65758ffe3bb1264c5a836ce826",
        "is_verified": false,
        "line_number": 15
      }
    ],
    "tests/models/client/test_openai_client.py": [
      {
        "type": "Secret Keyword",
        "filename": "tests/models/client/test_openai_client.py",
        "hashed_secret": "3acfb2c2b433c0ea7ff107e33df91b18e52f960f",
        "is_verified": false,
        "line_number": 41
      }
    ],
    "tutorials/synthetic/README.md": [
      {
        "type": "Secret Keyword",
        "filename": "tutorials/synthetic/README.md",
        "hashed_secret": "aecdccc1cf64595b34e0cc152d238daabb32183a",
        "is_verified": false,
        "line_number": 18
      }
    ],
    "tutorials/text/deduplication/semantic/semantic_e2e.ipynb": [
      {
        "type": "Base64 High Entropy String",
        "filename": "tutorials/text/deduplication/semantic/semantic_e2e.ipynb",
        "hashed_secret": "344b84ad013e4ab6518c0dc457416855b7b86904",
        "is_verified": false,
        "line_number": 736
      }
    ],
    "tutorials/text/deduplication/semantic/semantic_step_by_step.ipynb": [
      {
        "type": "Base64 High Entropy String",
        "filename": "tutorials/text/deduplication/semantic/semantic_step_by_step.ipynb",
        "hashed_secret": "344b84ad013e4ab6518c0dc457416855b7b86904",
        "is_verified": false,
        "line_number": 728
      }
    ]
  },
  "generated_at": "2026-01-30T23:03:31Z"
}
