{
  "version": "1.5.0",
  "plugins_used": [
    {
      "name": "ArtifactoryDetector"
    },
    {
      "name": "AWSKeyDetector"
    },
    {
      "name": "AzureStorageKeyDetector"
    },
    {
      "name": "Base64HighEntropyString",
      "limit": 4.5
    },
    {
      "name": "BasicAuthDetector"
    },
    {
      "name": "CloudantDetector"
    },
    {
      "name": "DiscordBotTokenDetector"
    },
    {
      "name": "GitHubTokenDetector"
    },
    {
      "name": "GitLabTokenDetector"
    },
    {
      "name": "HexHighEntropyString",
      "limit": 3.0
    },
    {
      "name": "IbmCloudIamDetector"
    },
    {
      "name": "IbmCosHmacDetector"
    },
    {
      "name": "IPPublicDetector"
    },
    {
      "name": "JwtTokenDetector"
    },
    {
      "name": "KeywordDetector",
      "keyword_exclude": ""
    },
    {
      "name": "MailchimpDetector"
    },
    {
      "name": "NpmDetector"
    },
    {
      "name": "OpenAIDetector"
    },
    {
      "name": "PrivateKeyDetector"
    },
    {
      "name": "PypiTokenDetector"
    },
    {
      "name": "SendGridDetector"
    },
    {
      "name": "SlackDetector"
    },
    {
      "name": "SoftlayerDetector"
    },
    {
      "name": "SquareOAuthDetector"
    },
    {
      "name": "StripeDetector"
    },
    {
      "name": "TelegramBotTokenDetector"
    },
    {
      "name": "TwilioKeyDetector"
    }
  ],
  "filters_used": [
    {
      "path": "detect_secrets.filters.allowlist.is_line_allowlisted"
    },
    {
      "path": "detect_secrets.filters.common.is_baseline_file",
      "filename": ".github/workflows/config/.secrets.baseline"
    },
    {
      "path": "detect_secrets.filters.common.is_ignored_due_to_verification_policies",
      "min_level": 2
    },
    {
      "path": "detect_secrets.filters.heuristic.is_indirect_reference"
    },
    {
      "path": "detect_secrets.filters.heuristic.is_likely_id_string"
    },
    {
      "path": "detect_secrets.filters.heuristic.is_lock_file"
    },
    {
      "path": "detect_secrets.filters.heuristic.is_not_alphanumeric_string"
    },
    {
      "path": "detect_secrets.filters.heuristic.is_potential_uuid"
    },
    {
      "path": "detect_secrets.filters.heuristic.is_prefixed_with_dollar_sign"
    },
    {
      "path": "detect_secrets.filters.heuristic.is_sequential_string"
    },
    {
      "path": "detect_secrets.filters.heuristic.is_swagger_file"
    },
    {
      "path": "detect_secrets.filters.heuristic.is_templated_secret"
    },
    {
      "path": "detect_secrets.filters.regex.should_exclude_file",
      "pattern": [
        "pyproject\\.toml|\\.github/workflows/config/\\.secrets\\.baseline"
      ]
    }
  ],
  "results": {
    "docs/_extensions/ai_assistant/README.md": [
      {
        "type": "Secret Keyword",
        "filename": "docs/_extensions/ai_assistant/README.md",
        "hashed_secret": "aecdccc1cf64595b34e0cc152d238daabb32183a",
        "is_verified": false,
        "line_number": 76
      },
      {
        "type": "Secret Keyword",
        "filename": "docs/_extensions/ai_assistant/README.md",
        "hashed_secret": "6d9c68c603e465077bdd49c62347fe54717f83a3",
        "is_verified": false,
        "line_number": 146
      }
    ],
    "docs/_extensions/ai_assistant/core/AIClient.js": [
      {
        "type": "Base64 High Entropy String",
        "filename": "docs/_extensions/ai_assistant/core/AIClient.js",
        "hashed_secret": "54f034f9ba6c3f65758ffe3bb1264c5a836ce826",
        "is_verified": false,
        "line_number": 10
      }
    ],
    "docs/_extensions/ai_assistant/core/main.js": [
      {
        "type": "Base64 High Entropy String",
        "filename": "docs/_extensions/ai_assistant/core/main.js",
        "hashed_secret": "54f034f9ba6c3f65758ffe3bb1264c5a836ce826",
        "is_verified": false,
        "line_number": 15
      }
    ],
    "docs/curate-text/synthetic/index.md": [
      {
        "type": "Secret Keyword",
        "filename": "docs/curate-text/synthetic/index.md",
        "hashed_secret": "6d9c68c603e465077bdd49c62347fe54717f83a3",
        "is_verified": false,
        "line_number": 70
      }
    ],
    "docs/curate-text/synthetic/llm-client.md": [
      {
        "type": "Secret Keyword",
        "filename": "docs/curate-text/synthetic/llm-client.md",
        "hashed_secret": "e6bdb3f031eea3001ca83dd43d7d49d65a7a6ce5",
        "is_verified": false,
        "line_number": 33
      },
      {
        "type": "Secret Keyword",
        "filename": "docs/curate-text/synthetic/llm-client.md",
        "hashed_secret": "ec3810e10fb78db55ce38b9c18d1c3eb1db739e0",
        "is_verified": false,
        "line_number": 158
      },
      {
        "type": "Secret Keyword",
        "filename": "docs/curate-text/synthetic/llm-client.md",
        "hashed_secret": "11fa7c37d697f30e6aee828b4426a10f83ab2380",
        "is_verified": false,
        "line_number": 165
      }
    ],
    "tests/models/client/test_openai_client.py": [
      {
        "type": "Secret Keyword",
        "filename": "tests/models/client/test_openai_client.py",
        "hashed_secret": "3acfb2c2b433c0ea7ff107e33df91b18e52f960f",
        "is_verified": false,
        "line_number": 41
      }
    ],
    "tutorials/multimodal/interleaved_data_quickstart.ipynb": [
      {
        "type": "Hex High Entropy String",
        "filename": "tutorials/multimodal/interleaved_data_quickstart.ipynb",
        "hashed_secret": "e9c242f9b635ed3328b841fe53fb6376d6aa24cc",
        "is_verified": false,
        "line_number": 136
      },
      {
        "type": "Base64 High Entropy String",
        "filename": "tutorials/multimodal/interleaved_data_quickstart.ipynb",
        "hashed_secret": "c70b494952ee9baa08c3d9ad83b6be6f6ed9b598",
        "is_verified": false,
        "line_number": 613
      },
      {
        "type": "Base64 High Entropy String",
        "filename": "tutorials/multimodal/interleaved_data_quickstart.ipynb",
        "hashed_secret": "09c2e23b37cab4dd8faa42400f5241fc35cdef7d",
        "is_verified": false,
        "line_number": 633
      },
      {
        "type": "Base64 High Entropy String",
        "filename": "tutorials/multimodal/interleaved_data_quickstart.ipynb",
        "hashed_secret": "e93b83df86e21c08cc05ecd727d9dc12efb50dff",
        "is_verified": false,
        "line_number": 653
      },
      {
        "type": "Base64 High Entropy String",
        "filename": "tutorials/multimodal/interleaved_data_quickstart.ipynb",
        "hashed_secret": "acaa9155a657e75d6ddba87afd2cc2e7a8bf5bdf",
        "is_verified": false,
        "line_number": 673
      },
      {
        "type": "Base64 High Entropy String",
        "filename": "tutorials/multimodal/interleaved_data_quickstart.ipynb",
        "hashed_secret": "db321b8c6fb6e3811d42905bb70f129fb568aeda",
        "is_verified": false,
        "line_number": 693
      },
      {
        "type": "Base64 High Entropy String",
        "filename": "tutorials/multimodal/interleaved_data_quickstart.ipynb",
        "hashed_secret": "25d576cf6fa93313b4da21ae1e9198747caba7c7",
        "is_verified": false,
        "line_number": 715
      },
      {
        "type": "Base64 High Entropy String",
        "filename": "tutorials/multimodal/interleaved_data_quickstart.ipynb",
        "hashed_secret": "c35e66c45d33511e7e107aac0464d91b7ca9e97c",
        "is_verified": false,
        "line_number": 737
      },
      {
        "type": "Base64 High Entropy String",
        "filename": "tutorials/multimodal/interleaved_data_quickstart.ipynb",
        "hashed_secret": "6aee68c22c5c504f7ce97aac45261a37e001048b",
        "is_verified": false,
        "line_number": 757
      },
      {
        "type": "Base64 High Entropy String",
        "filename": "tutorials/multimodal/interleaved_data_quickstart.ipynb",
        "hashed_secret": "305bf104800eb5b5afa3c66034f31c0a013a791c",
        "is_verified": false,
        "line_number": 938
      }
    ],
    "tutorials/synthetic/README.md": [
      {
        "type": "Secret Keyword",
        "filename": "tutorials/synthetic/README.md",
        "hashed_secret": "aecdccc1cf64595b34e0cc152d238daabb32183a",
        "is_verified": false,
        "line_number": 19
      }
    ],
    "tutorials/text/deduplication/semantic/semantic_e2e.ipynb": [
      {
        "type": "Base64 High Entropy String",
        "filename": "tutorials/text/deduplication/semantic/semantic_e2e.ipynb",
        "hashed_secret": "00ad2e1afc84d1b7c3c139b68f00edd67998232c",
        "is_verified": false,
        "line_number": 652
      }
    ],
    "tutorials/text/deduplication/semantic/semantic_step_by_step.ipynb": [
      {
        "type": "Base64 High Entropy String",
        "filename": "tutorials/text/deduplication/semantic/semantic_step_by_step.ipynb",
        "hashed_secret": "00ad2e1afc84d1b7c3c139b68f00edd67998232c",
        "is_verified": false,
        "line_number": 670
      }
    ]
  },
  "generated_at": "2026-03-17T21:09:47Z"
}
